// Jest Snapshot v1, https://goo.gl/fbAQLP

exports[`expect to render CounterButton component 1`] = `
<button
  id="counter"
  onClick={[Function]}
  style={
    Object {
      "backgroundColor": "transparent",
      "border": "1px solid undefined",
      "borderRadius": 5,
      "color": undefined,
      "cursor": "pointer",
      "margin": 8,
      "padding": 10,
    }
  }
>
  Count: 
  0
</button>
`;
