// Jest Snapshot v1, https://goo.gl/fbAQLP

exports[`renders MainPage without crashing 1`] = `
<div
  className="tc"
>
  <div>
    <div>
      <h1
        className="f1"
      >
        RoboFriends
      </h1>
      <div>
        <button
          id="counter"
          onClick={[Function]}
          style={
            Object {
              "backgroundColor": "transparent",
              "border": "1px solid white",
              "borderRadius": 5,
              "color": "white",
              "cursor": "pointer",
              "margin": 8,
              "padding": 10,
            }
          }
        >
          Count: 
          0
        </button>
      </div>
    </div>
    <input
      aria-label="Search Robot"
      className="pa3 ba b--green bg-lightest-blue"
      placeholder="Search Robot..."
      style={
        Object {
          "height": "30px",
          "maxWidth": "400px",
          "width": "400px",
        }
      }
      type="search"
    />
    <div
      style={
        Object {
          "border": "5px solid rgb(0, 88, 88)",
          "height": "720px",
          "margin": "20px auto",
          "maxWidth": "1200px",
          "overflowX": "hide",
          "overflowY": "scroll",
        }
      }
    >
      <div />
    </div>
  </div>
</div>
`;
